../Core/LCD/lcd_st7565.c:165:6:st7565_write_buffer	32	static
../Core/LCD/lcd_st7565.c:183:6:st7565_sendbyte	16	static
../Core/LCD/lcd_st7565.c:189:6:st7565_init	8	static
../Core/LCD/lcd_st7565.c:239:6:st7565_backlight_enable	8	static
../Core/LCD/lcd_st7565.c:244:6:st7565_backlight_disable	8	static
../Core/LCD/lcd_st7565.c:249:6:st7565_set_brightness	16	static
../Core/LCD/lcd_st7565.c:255:6:st7565_fade_out	32	static
../Core/LCD/lcd_st7565.c:264:6:st7565_fade_in	32	static
../Core/LCD/lcd_st7565.c:273:6:st7565_clear_screen	16	static
../Core/LCD/lcd_st7565.c:286:6:st7565_clear_buffer	24	static
../Core/LCD/lcd_st7565.c:297:6:st7565_drawfallingbitmap	88	static
../Core/LCD/lcd_st7565.c:333:6:st7565_setpixel	24	static
../Core/LCD/lcd_st7565.c:345:6:st7565_drawbitmap	40	static
../Core/LCD/lcd_st7565.c:358:6:st7565_drawstring	40	static
../Core/LCD/lcd_st7565.c:373:6:st7565_drawchar	32	static
../Core/LCD/lcd_st7565.c:382:6:st7565_clearpixel	16	static
../Core/LCD/lcd_st7565.c:388:6:st7565_drawline	64	static
../Core/LCD/lcd_st7565.c:427:6:st7565_fillrect	32	static
../Core/LCD/lcd_st7565.c:439:6:st7565_drawrect	40	static
../Core/LCD/lcd_st7565.c:454:6:st7565_drawcircle	40	static
../Core/LCD/lcd_st7565.c:486:6:st7565_fillcircle	40	static
