../Drivers/CMSIS/Include/core_cm0.h:730:22:__NVIC_SetPriority	24	static
../Drivers/CMSIS/Include/core_cm0.h:920:26:SysTick_Config	16	static
../Core/RTE/rte.c:36:6:SystemClock_Config	112	static
../Core/RTE/rte.c:74:6:MX_GPIO_Init	56	static
../Core/RTE/rte.c:133:6:MX_USART2_UART_Init	8	static
../Core/RTE/rte.c:151:6:MX_ADC_Init	24	static
../Core/RTE/rte.c:182:6:MX_SPI1_Init	8	static
../Core/RTE/rte.c:204:6:HAL_TIM_PeriodElapsedCallback	16	static
../Core/RTE/rte.c:212:6:Error_Handler	8	static,ignoring_inline_asm
../Core/RTE/rte.c:223:6:pleaseADCRTE	40	static,ignoring_inline_asm
../Core/RTE/rte.c:260:6:pleaseLCDRTE	16	static
../Core/RTE/rte.c:309:6:pleaseOscRTE	64	static
../Core/RTE/rte.c:331:5:rawADCtoPixel	24	static
../Core/RTE/rte.c:342:6:pleaseDrawStringRTE	32	static
../Core/RTE/rte.c:347:6:pleaseDrawLineRTE	32	static
../Core/RTE/rte.c:352:6:pleaseInitLCDRTE	8	static
../Core/RTE/rte.c:359:6:pleaseInitADCRTE	16	static
../Core/RTE/rte.c:393:6:doom_style_drawline	48	static
../Core/RTE/rte.c:421:6:testLineSpeed	32	static
../Core/RTE/rte.c:434:6:pleaseInitRTE	8	static
